(node:91741) [MODULE_TYPELESS_PACKAGE_JSON] Warning: Module type of file:///Users/gabrielalmeidadias/Documents/Empresas/ProOps/DEV/Personal-ProOps-app/src/lib/form-motion-ui.test.ts is not specified and it doesn't parse as CommonJS.
Reparsing as ES module because module syntax was detected. This incurs a performance overhead.
To eliminate this warning, add "type": "module" to /Users/gabrielalmeidadias/Documents/Empresas/ProOps/DEV/Personal-ProOps-app/package.json.
(Use `node --trace-warnings ...` to show where the warning was created)
✔ Presenca shrinks space and opacity on the same spring, preserving an inactive outgoing snapshot (40.0135ms)
✔ Presenca ignores completion after unmount and reduced motion closes without waiting (17.312125ms)
✔ Nested presence inherits its inactive parent provider (6.721292ms)
✔ Presenca reports an actual exit once and ignores a canceled exit after reopening (12.308792ms)
✔ TrocaSuave mounts both layers immediately and starts progress only after incoming native layout (10.345459ms)
✔ TrocaSuave retains its measured width during absolute-layer swaps and explicitly restores natural dimensions (5.349ms)
✔ Resting presence publishes natural height and swaps retain static geometry after stale shared-value writes (14.637917ms)
✔ a settled label swap releases its frame before larger text measures again (4.844416ms)
✔ TrocaSuave retargets midflight from its current progress while retaining the original outgoing layer (6.91325ms)
✔ Spring overshoot keeps opacity bounded and height nonnegative while allowing a small spatial bounce (9.671333ms)
✔ TrocaSuave rejects stale completion after another mode, return to original, and unmount (6.670792ms)
✔ TrocaSuave ignores a stale incoming layout when a newer mode is waiting for its own measurement (5.630416ms)
✔ TrocaSuave returning A to B to A creates a new incoming lifetime and waits for its new native layout (3.828458ms)
✔ TrocaSuave ignores captured native measurement callbacks after unmount (4.821375ms)
✔ TrocaSuave provider disables outgoing native input callbacks while the incoming input stays editable (24.648958ms)
✔ TrocaSuave reduced motion interrupts pending work and full-screen mode preserves its frame (5.136875ms)
✔ SelectField delivers selection synchronously once, keeps one chosen row, and can reopen while closing (13.213792ms)
✔ SelectField confirms a different option during collapse without delaying its callback (11.144833ms)
✔ DatePicker delivers one date synchronously, preserves limits and can reopen during collapse (16.928ms)
✔ DatePicker outgoing calendar cannot select again while the collapsed month-end control remains active (11.399042ms)
✔ DatePicker reopening during collapse gives the calendar a new lifetime and keeps month-end aligned with its current month (12.548041ms)
✔ QuantityField snapshot never clamps or edits financial state; typing and steps stay synchronous (6.959584ms)
✔ TextField outgoing snapshot suppresses editing and contract-clamping blur (22.247917ms)
✔ MudancaSuave crossfades discrete content and reduced motion restores the latest label immediately (3.736041ms)
✔ Presenca lazily mounts native motion once and first appearance springs through measured space (4.000333ms)
✔ Presenca explicitly restores natural resting geometry after opening, closing and reopening (4.442084ms)
✔ Presenca lazy first appearance honors reduced motion and an inactive parent (6.726334ms)
✔ prepared compact presence measures while hidden and first open reuses its native motion (8.222208ms)
✔ prepared presence waits for measurement on an immediate first tap and accepts an empty list (4.788208ms)
✔ SelectField first opening and reopening install no new native motion for its options (8.586834ms)
✔ prepared presence remains hidden with reduced motion and ignores native layout after unmount (3.3345ms)
✔ FormatoDoLancamento prepares first opening and cannot select while hidden or inactive (16.171875ms)
✔ SelectField keeps the icon column spacing for alternatives without an icon (13.06675ms)
✔ TextField keeps a full line visible when the font changes, retaining normal geometry and typing (10.211833ms)
✔ TextField respects the caller font cap, disabled scaling and multiline geometry (9.440916ms)
✔ Field keeps its visible label gap through accessory and native text height changes (10.384042ms)
✔ LockOverlay immediately covers an interrupted reveal and ignores its queued animation (full motion) (5.95075ms)
✔ LockOverlay immediately covers an interrupted reveal and ignores its queued animation (reduced motion) (3.156417ms)
✔ LockOverlay rejects stale fallback timers after an interrupted reveal and callbacks after unmount (2.916625ms)
✔ LockOverlay fallback completes only its current reveal when a native completion is missing (2.603834ms)
(node:91742) [MODULE_TYPELESS_PACKAGE_JSON] Warning: Module type of file:///Users/gabrielalmeidadias/Documents/Empresas/ProOps/DEV/Personal-ProOps-app/src/lib/lock-lifecycle.test.ts is not specified and it doesn't parse as CommonJS.
Reparsing as ES module because module syntax was detected. This incurs a performance overhead.
To eliminate this warning, add "type": "module" to /Users/gabrielalmeidadias/Documents/Empresas/ProOps/DEV/Personal-ProOps-app/package.json.
(Use `node --trace-warnings ...` to show where the warning was created)
✔ restored session child auto-authentication survives the parent hydration effect and opens on success plus active (42.812417ms)
✔ leaving during the successful prompt return invalidates that visit and asks again (13.266708ms)
✔ the real departure before the prompt active event cannot be consumed as system UI (8.529167ms)
✔ iOS legitimate prompt success before active opens once (9.142667ms)
✔ iOS legitimate prompt success after active opens once (10.076709ms)
✔ Android system credential background with success before active is a legitimate return (10.07825ms)
✔ Android system credential background with success after active is a legitimate return (8.474792ms)
✔ Android biometric dialog that never pauses the app opens without waiting for a nonexistent active event (8.239833ms)
✔ iOS actual background before a late success refuses the old result and retries on return (9.522959ms)
✔ an iOS result delivered after the real return cannot unlock the new visit or clear its retry guard (5.402167ms)
✔ user_cancel keeps the app locked and a manual retry can open (5.795417ms)
✔ system_cancel keeps the app locked and a manual retry can open (7.438667ms)
✔ authentication_failed keeps the app locked and a manual retry can open (4.490125ms)
✔ reentrant requests share one native operation and cannot prematurely open (5.031167ms)
✔ completed unlock respects 0s grace at the threshold (8.048833ms)
✔ leaving after native success before active invalidates the attempt even with 0s grace (5.036583ms)
✔ completed unlock respects 30s grace before the threshold (5.358ms)
✔ completed unlock respects 30s grace at the threshold (4.746542ms)
✔ leaving after native success before active invalidates the attempt even with 30s grace (5.03025ms)
✔ completed unlock respects 60s grace before the threshold (4.810083ms)
✔ completed unlock respects 60s grace at the threshold (5.733833ms)
✔ leaving after native success before active invalidates the attempt even with 60s grace (6.896ms)
✔ a thrown native error releases the in-flight guard so a retry can authenticate (6.066709ms)
✔ ios external system UI returning after operation completion stays unlocked (6.017583ms)
✔ ios external system UI returning before operation completion stays unlocked (4.853375ms)
✔ ios nested system UI retains the exemption until the last operation returns (5.364958ms)
✔ android external system UI returning after operation completion stays unlocked (5.765625ms)
✔ android external system UI returning before operation completion stays unlocked (8.337917ms)
✔ android nested system UI retains the exemption until the last operation returns (6.019584ms)
✔ logout settles a successful authentication waiting for active as refused (4.170625ms)
✔ account swap settles a successful authentication waiting for active as refused (3.99475ms)
✔ a late native success after an account swap cannot release the returned account (4.448041ms)
✔ a native result arriving after logout is refused without relying on a background event (3.960417ms)
✔ a native result arriving after an account swap is refused without relying on a background event (4.734292ms)
✔ account swap restores a usable locked retry after an in-flight native authentication is refused (7.4815ms)
✔ account swap restores a usable locked retry after success waiting for active is refused (5.422083ms)
✔ unmount settles successful authentication waiting for active without a later lifecycle event (6.929583ms)
✔ native success arriving after unmount is refused and a fresh provider remains protected (11.550292ms)
✔ a genuine departure immediately after success and active asks again even while the visual reveal can still be running (7.805375ms)
✔ disabling lock refuses a late native success and keeps the setting off (8.144875ms)
✔ disabling lock refuses a success waiting for active and keeps the setting off (8.588666ms)
ℹ tests 81
ℹ suites 0
ℹ pass 81
ℹ fail 0
ℹ cancelled 0
ℹ skipped 0
ℹ todo 0
ℹ duration_ms 614.032125
