(node:54260) [MODULE_TYPELESS_PACKAGE_JSON] Warning: Module type of file:///Users/gabrielalmeidadias/Documents/Empresas/ProOps/DEV/Personal-ProOps-app/src/lib/form-motion-ui.test.ts is not specified and it doesn't parse as CommonJS.
Reparsing as ES module because module syntax was detected. This incurs a performance overhead.
To eliminate this warning, add "type": "module" to /Users/gabrielalmeidadias/Documents/Empresas/ProOps/DEV/Personal-ProOps-app/package.json.
(Use `node --trace-warnings ...` to show where the warning was created)
✔ Presenca shrinks space and opacity on the same spring, preserving an inactive outgoing snapshot (37.155083ms)
✔ Presenca ignores completion after unmount and reduced motion closes without waiting (14.0715ms)
✔ Nested presence inherits its inactive parent provider (6.071125ms)
✔ Presenca reports an actual exit once and ignores a canceled exit after reopening (11.661667ms)
✔ TrocaSuave mounts both layers immediately and starts progress only after incoming native layout (7.141375ms)
✔ TrocaSuave retains its measured width during absolute-layer swaps and explicitly restores natural dimensions (4.972ms)
✔ Resting presence publishes natural height and swaps retain static geometry after stale shared-value writes (10.38425ms)
✔ a settled label swap releases its frame before larger text measures again (5.180042ms)
✔ TrocaSuave retargets midflight from its current progress while retaining the original outgoing layer (5.551792ms)
✔ Spring overshoot keeps opacity bounded and height nonnegative while allowing a small spatial bounce (8.054666ms)
✔ TrocaSuave rejects stale completion after another mode, return to original, and unmount (4.093416ms)
✔ TrocaSuave ignores a stale incoming layout when a newer mode is waiting for its own measurement (5.344084ms)
✔ TrocaSuave returning A to B to A creates a new incoming lifetime and waits for its new native layout (3.531375ms)
✔ TrocaSuave ignores captured native measurement callbacks after unmount (3.549ms)
✔ TrocaSuave provider disables outgoing native input callbacks while the incoming input stays editable (20.133833ms)
✔ TrocaSuave reduced motion interrupts pending work and full-screen mode preserves its frame (3.989ms)
✔ SelectField delivers selection synchronously once, keeps one chosen row, and can reopen while closing (10.250667ms)
✔ SelectField confirms a different option during collapse without delaying its callback (9.478416ms)
✔ DatePicker delivers one date synchronously, preserves limits and can reopen during collapse (18.283834ms)
✔ DatePicker outgoing calendar cannot select again while the collapsed month-end control remains active (10.747334ms)
✔ DatePicker reopening during collapse gives the calendar a new lifetime and keeps month-end aligned with its current month (10.444709ms)
✔ QuantityField snapshot never clamps or edits financial state; typing and steps stay synchronous (7.406959ms)
✔ TextField outgoing snapshot suppresses editing and contract-clamping blur (18.710542ms)
✔ MudancaSuave crossfades discrete content and reduced motion restores the latest label immediately (3.540542ms)
✔ Presenca lazily mounts native motion once and first appearance springs through measured space (3.380166ms)
✔ Presenca explicitly restores natural resting geometry after opening, closing and reopening (4.416542ms)
✔ Presenca lazy first appearance honors reduced motion and an inactive parent (10.08375ms)
✔ prepared compact presence measures while hidden and first open reuses its native motion (3.25925ms)
✔ prepared presence waits for measurement on an immediate first tap and accepts an empty list (3.015042ms)
✔ SelectField first opening and reopening install no new native motion for its options (6.699791ms)
✔ prepared presence remains hidden with reduced motion and ignores native layout after unmount (3.497625ms)
✔ FormatoDoLancamento prepares first opening and cannot select while hidden or inactive (13.223375ms)
✔ SelectField keeps the icon column spacing for alternatives without an icon (8.772ms)
✔ TextField keeps a full line visible when the font changes, retaining normal geometry and typing (10.145917ms)
✔ TextField respects the caller font cap, disabled scaling and multiline geometry (9.942792ms)
✔ Field keeps its visible label gap through accessory and native text height changes (12.273417ms)
✔ LockOverlay immediately covers an interrupted reveal and ignores its queued animation (full motion) (4.54875ms)
✔ LockOverlay immediately covers an interrupted reveal and ignores its queued animation (reduced motion) (2.979875ms)
✔ LockOverlay rejects stale fallback timers after an interrupted reveal and callbacks after unmount (2.809667ms)
✔ LockOverlay fallback completes only its current reveal when a native completion is missing (2.490333ms)
(node:54261) [MODULE_TYPELESS_PACKAGE_JSON] Warning: Module type of file:///Users/gabrielalmeidadias/Documents/Empresas/ProOps/DEV/Personal-ProOps-app/src/lib/lock-lifecycle.test.ts is not specified and it doesn't parse as CommonJS.
Reparsing as ES module because module syntax was detected. This incurs a performance overhead.
To eliminate this warning, add "type": "module" to /Users/gabrielalmeidadias/Documents/Empresas/ProOps/DEV/Personal-ProOps-app/package.json.
(Use `node --trace-warnings ...` to show where the warning was created)
✔ leaving during the successful prompt return invalidates that visit and asks again (35.727292ms)
✔ the real departure before the prompt active event cannot be consumed as system UI (9.346833ms)
✔ iOS legitimate prompt success before active opens once (7.248375ms)
✔ iOS legitimate prompt success after active opens once (6.843792ms)
✔ Android system credential background with success before active is a legitimate return (7.113458ms)
✔ Android system credential background with success after active is a legitimate return (7.496792ms)
✔ Android biometric dialog that never pauses the app opens without waiting for a nonexistent active event (5.655042ms)
✔ iOS actual background before a late success refuses the old result and retries on return (5.406792ms)
✔ an iOS result delivered after the real return cannot unlock the new visit or clear its retry guard (5.56925ms)
✔ user_cancel keeps the app locked and a manual retry can open (7.442542ms)
✔ system_cancel keeps the app locked and a manual retry can open (5.412375ms)
✔ authentication_failed keeps the app locked and a manual retry can open (4.828667ms)
✔ reentrant requests share one native operation and cannot prematurely open (5.803292ms)
✔ completed unlock respects 0s grace at the threshold (4.530333ms)
✔ leaving after native success before active invalidates the attempt even with 0s grace (4.11125ms)
✔ completed unlock respects 30s grace before the threshold (7.190833ms)
✔ completed unlock respects 30s grace at the threshold (4.198666ms)
✔ leaving after native success before active invalidates the attempt even with 30s grace (4.046375ms)
✔ completed unlock respects 60s grace before the threshold (4.033208ms)
✔ completed unlock respects 60s grace at the threshold (5.147875ms)
✔ leaving after native success before active invalidates the attempt even with 60s grace (4.620667ms)
✔ a thrown native error releases the in-flight guard so a retry can authenticate (4.426541ms)
✔ ios external system UI returning after operation completion stays unlocked (4.407458ms)
✔ ios external system UI returning before operation completion stays unlocked (6.64025ms)
✔ ios nested system UI retains the exemption until the last operation returns (3.992958ms)
✔ android external system UI returning after operation completion stays unlocked (4.295917ms)
✔ android external system UI returning before operation completion stays unlocked (4.095375ms)
✔ android nested system UI retains the exemption until the last operation returns (4.68525ms)
✔ logout settles a successful authentication waiting for active as refused (4.9395ms)
✔ account swap settles a successful authentication waiting for active as refused (7.070459ms)
✔ a late native success after an account swap cannot release the returned account (3.940875ms)
✔ a native result arriving after logout is refused without relying on a background event (3.915792ms)
✔ a native result arriving after an account swap is refused without relying on a background event (3.597417ms)
✔ account swap restores a usable locked retry after an in-flight native authentication is refused (3.477333ms)
✔ account swap restores a usable locked retry after success waiting for active is refused (4.707667ms)
✔ unmount settles successful authentication waiting for active without a later lifecycle event (6.67075ms)
✔ native success arriving after unmount is refused and a fresh provider remains protected (11.587625ms)
✔ a genuine departure immediately after success and active asks again even while the visual reveal can still be running (4.143125ms)
✔ disabling lock refuses a late native success and keeps the setting off (3.664417ms)
✔ disabling lock refuses a success waiting for active and keeps the setting off (3.390375ms)
ℹ tests 80
ℹ suites 0
ℹ pass 80
ℹ fail 0
ℹ cancelled 0
ℹ skipped 0
ℹ todo 0
ℹ duration_ms 562.592542
