(node:90113) [MODULE_TYPELESS_PACKAGE_JSON] Warning: Module type of file:///Users/gabrielalmeidadias/Documents/Empresas/ProOps/DEV/Personal-ProOps-app/src/lib/subcategory-save.test.ts is not specified and it doesn't parse as CommonJS.
Reparsing as ES module because module syntax was detected. This incurs a performance overhead.
To eliminate this warning, add "type": "module" to /Users/gabrielalmeidadias/Documents/Empresas/ProOps/DEV/Personal-ProOps-app/package.json.
(Use `node --trace-warnings ...` to show where the warning was created)
✖ double tap coalesces and owns immutable normalized intent despite caller mutation (1.331167ms)
✖ transport ambiguity retains exact normalized payload and UUID on reordered retry (0.588791ms)
✖ initial SQL 22023 releases intent after definite rejection (0.090916ms)
✖ initial SQL 23514 releases intent after definite rejection (0.0665ms)
✖ initial SQL 42501 releases intent after definite rejection (0.061125ms)
✖ initial SQL P0001 releases intent after definite rejection (0.052375ms)
✖ initial SQL 40001 releases intent after definite rejection (0.059042ms)
✖ initial SQL 40P01 releases intent after definite rejection (0.060084ms)
✖ initial SQL PT409 releases intent after definite rejection (0.070333ms)
✖ SQL {"code":"22023"} after lost response cannot disprove commit (0.334291ms)
✖ SQL {"code":"23514"} after lost response cannot disprove commit (0.082ms)
✖ SQL {"code":"42501"} after lost response cannot disprove commit (0.060041ms)
✖ SQL {"code":"P0001"} after lost response cannot disprove commit (0.044333ms)
✖ SQL {"code":"40001"} after lost response cannot disprove commit (0.047416ms)
✖ SQL {"code":"40P01"} after lost response cannot disprove commit (0.040792ms)
✖ SQL {"code":"PT409","message":"other conflict"} after lost response cannot disprove commit (0.054375ms)
✖ sealed-first save PT409 Detalhe alterado. Abra novamente confirms refusal after ambiguity (0.064916ms)
✖ sealed-first save PT409 Detalhe receptor alterado. Abra novamente confirms refusal after ambiguity (0.041417ms)
✖ sealed-first save PT409 Já existe um detalhe com esse nome nesta categoria. Confira para juntar confirms refusal after ambiguity (0.042042ms)
✖ malformed or mismatched receipt null cannot release intent (0.044625ms)
✖ malformed or mismatched receipt {"workspace_id":"22222222-2222-4222-8222-222222222222","subcategory_id":"33333333-3333-4333-8333-333333333333","edit_revision":8,"merged":false,"deleted":false,"affected_records":2} cannot release intent (0.031125ms)
✖ malformed or mismatched receipt {"workspace_id":"11111111-1111-4111-8111-111111111111","subcategory_id":"44444444-4444-4444-8444-444444444444","edit_revision":8,"merged":false,"deleted":false,"affected_records":2} cannot release intent (0.0255ms)
✖ malformed or mismatched receipt {"workspace_id":"11111111-1111-4111-8111-111111111111","subcategory_id":"33333333-3333-4333-8333-333333333333","edit_revision":7,"merged":false,"deleted":false,"affected_records":2} cannot release intent (0.043708ms)
✖ malformed or mismatched receipt {"workspace_id":"11111111-1111-4111-8111-111111111111","subcategory_id":"33333333-3333-4333-8333-333333333333","edit_revision":8,"merged":true,"deleted":false,"affected_records":2} cannot release intent (0.031042ms)
✖ malformed or mismatched receipt {"workspace_id":"11111111-1111-4111-8111-111111111111","subcategory_id":"33333333-3333-4333-8333-333333333333","edit_revision":null,"merged":false,"deleted":true,"affected_records":2} cannot release intent (0.022041ms)
✖ malformed or mismatched receipt {"workspace_id":"11111111-1111-4111-8111-111111111111","subcategory_id":"33333333-3333-4333-8333-333333333333","edit_revision":8,"merged":false,"deleted":false,"affected_records":2,"extra":true} cannot release intent (0.021167ms)
✖ malformed or mismatched receipt {"workspace_id":"11111111-1111-4111-8111-111111111111","subcategory_id":"33333333-3333-4333-8333-333333333333","edit_revision":8,"merged":false,"deleted":false,"affected_records":"2"} cannot release intent (0.020708ms)
✖ malformed or mismatched receipt {"workspace_id":"11111111-1111-4111-8111-111111111111","subcategory_id":"33333333-3333-4333-8333-333333333333","edit_revision":8,"merged":false,"deleted":false,"affected_records":9007199254740992} cannot release intent (0.022417ms)
✖ malformed or mismatched receipt {"workspace_id":"22222222-2222-4222-8222-222222222222","cancelled":true} cannot release intent (0.021ms)
✖ malformed or mismatched receipt {"workspace_id":"11111111-1111-4111-8111-111111111111","cancelled":false} cannot release intent (0.020875ms)
✖ malformed or mismatched receipt {"workspace_id":"11111111-1111-4111-8111-111111111111","cancelled":true,"extra":1} cannot release intent (0.0215ms)
✖ resolution coalesces with submit and accepts only matching terminal cancellation (0.129292ms)
✖ resolution recovers delayed commit without rewriting; PT409 alone in resolve remains ambiguous (0.052625ms)
✖ create, merge and delete demand exact receipt identity, flags and next revision (0.086792ms)
✖ malformed intent and revision overflow never dispatch; invalid request UUID is refused (0.042541ms)
✖ delayed send can return terminal cancellation and friendly errors hide transport internals (0.03675ms)
ℹ tests 36
ℹ suites 0
ℹ pass 0
ℹ fail 36
ℹ cancelled 0
ℹ skipped 0
ℹ todo 0
ℹ duration_ms 191.339167

✖ failing tests:

test at src/lib/subcategory-save.test.ts:15:1
✖ double tap coalesces and owns immutable normalized intent despite caller mutation (1.331167ms)
  AssertionError [ERR_ASSERTION]: Expected "actual" to be reference-equal to "expected":
  + actual - expected

    Promise {
      <pending>,
  +   Symbol(async_id_symbol): 186,
  -   Symbol(async_id_symbol): 185,
      Symbol(trigger_async_id_symbol): 19
    }

      at TestContext.<anonymous> (file:///Users/gabrielalmeidadias/Documents/Empresas/ProOps/DEV/Personal-ProOps-app/src/lib/subcategory-save.test.ts:19:10)
      at Test.runInAsyncScope (node:async_hooks:226:14)
      at Test.run (node:internal/test_runner/test:1402:25)
      at Test.start (node:internal/test_runner/test:1262:17)
      at startSubtestAfterBootstrap (node:internal/test_runner/harness:387:17)
      at process.processTicksAndRejections (node:internal/process/task_queues:104:5) {
    generatedMessage: true,
    code: 'ERR_ASSERTION',
    actual: [Promise],
    expected: [Promise],
    operator: 'strictEqual',
    diff: 'simple'
  }

test at src/lib/subcategory-save.test.ts:26:1
✖ transport ambiguity retains exact normalized payload and UUID on reordered retry (0.588791ms)
  AssertionError [ERR_ASSERTION]: Expected values to be strictly equal:
  + actual - expected

  + '55555555-5555-4555-8555-000000000001'
  - '55555555-5555-4555-8555-000000000002'
                                        ^

      at TestContext.<anonymous> (file:///Users/gabrielalmeidadias/Documents/Empresas/ProOps/DEV/Personal-ProOps-app/src/lib/subcategory-save.test.ts:32:10)
      at process.processTicksAndRejections (node:internal/process/task_queues:104:5)
      at async Test.run (node:internal/test_runner/test:1409:7)
      at async Test.processPendingSubtests (node:internal/test_runner/test:974:7) {
    generatedMessage: true,
    code: 'ERR_ASSERTION',
    actual: '55555555-5555-4555-8555-000000000001',
    expected: '55555555-5555-4555-8555-000000000002',
    operator: 'strictEqual',
    diff: 'simple'
  }

test at src/lib/subcategory-save.test.ts:36:3
✖ initial SQL 22023 releases intent after definite rejection (0.090916ms)
  AssertionError [ERR_ASSERTION]: Expected values to be strictly equal:
  + actual - expected

  + undefined
  - null

      at TestContext.<anonymous> (file:///Users/gabrielalmeidadias/Documents/Empresas/ProOps/DEV/Personal-ProOps-app/src/lib/subcategory-save.test.ts:39:61)
      at process.processTicksAndRejections (node:internal/process/task_queues:104:5)
      at async Test.run (node:internal/test_runner/test:1409:7)
      at async Test.processPendingSubtests (node:internal/test_runner/test:974:7) {
    generatedMessage: true,
    code: 'ERR_ASSERTION',
    actual: undefined,
    expected: null,
    operator: 'strictEqual',
    diff: 'simple'
  }

test at src/lib/subcategory-save.test.ts:36:3
✖ initial SQL 23514 releases intent after definite rejection (0.0665ms)
  AssertionError [ERR_ASSERTION]: Expected values to be strictly equal:
  + actual - expected

  + undefined
  - null

      at TestContext.<anonymous> (file:///Users/gabrielalmeidadias/Documents/Empresas/ProOps/DEV/Personal-ProOps-app/src/lib/subcategory-save.test.ts:39:61)
      at process.processTicksAndRejections (node:internal/process/task_queues:104:5)
      at async Test.run (node:internal/test_runner/test:1409:7)
      at async Test.processPendingSubtests (node:internal/test_runner/test:974:7) {
    generatedMessage: true,
    code: 'ERR_ASSERTION',
    actual: undefined,
    expected: null,
    operator: 'strictEqual',
    diff: 'simple'
  }

test at src/lib/subcategory-save.test.ts:36:3
✖ initial SQL 42501 releases intent after definite rejection (0.061125ms)
  AssertionError [ERR_ASSERTION]: Expected values to be strictly equal:
  + actual - expected

  + undefined
  - null

      at TestContext.<anonymous> (file:///Users/gabrielalmeidadias/Documents/Empresas/ProOps/DEV/Personal-ProOps-app/src/lib/subcategory-save.test.ts:39:61)
      at process.processTicksAndRejections (node:internal/process/task_queues:104:5)
      at async Test.run (node:internal/test_runner/test:1409:7)
      at async Test.processPendingSubtests (node:internal/test_runner/test:974:7) {
    generatedMessage: true,
    code: 'ERR_ASSERTION',
    actual: undefined,
    expected: null,
    operator: 'strictEqual',
    diff: 'simple'
  }

test at src/lib/subcategory-save.test.ts:36:3
✖ initial SQL P0001 releases intent after definite rejection (0.052375ms)
  AssertionError [ERR_ASSERTION]: Expected values to be strictly equal:
  + actual - expected

  + undefined
  - null

      at TestContext.<anonymous> (file:///Users/gabrielalmeidadias/Documents/Empresas/ProOps/DEV/Personal-ProOps-app/src/lib/subcategory-save.test.ts:39:61)
      at process.processTicksAndRejections (node:internal/process/task_queues:104:5)
      at async Test.run (node:internal/test_runner/test:1409:7)
      at async Test.processPendingSubtests (node:internal/test_runner/test:974:7) {
    generatedMessage: true,
    code: 'ERR_ASSERTION',
    actual: undefined,
    expected: null,
    operator: 'strictEqual',
    diff: 'simple'
  }

test at src/lib/subcategory-save.test.ts:36:3
✖ initial SQL 40001 releases intent after definite rejection (0.059042ms)
  AssertionError [ERR_ASSERTION]: Expected values to be strictly equal:
  + actual - expected

  + undefined
  - null

      at TestContext.<anonymous> (file:///Users/gabrielalmeidadias/Documents/Empresas/ProOps/DEV/Personal-ProOps-app/src/lib/subcategory-save.test.ts:39:61)
      at process.processTicksAndRejections (node:internal/process/task_queues:104:5)
      at async Test.run (node:internal/test_runner/test:1409:7)
      at async Test.processPendingSubtests (node:internal/test_runner/test:974:7) {
    generatedMessage: true,
    code: 'ERR_ASSERTION',
    actual: undefined,
    expected: null,
    operator: 'strictEqual',
    diff: 'simple'
  }

test at src/lib/subcategory-save.test.ts:36:3
✖ initial SQL 40P01 releases intent after definite rejection (0.060084ms)
  AssertionError [ERR_ASSERTION]: Expected values to be strictly equal:
  + actual - expected

  + undefined
  - null

      at TestContext.<anonymous> (file:///Users/gabrielalmeidadias/Documents/Empresas/ProOps/DEV/Personal-ProOps-app/src/lib/subcategory-save.test.ts:39:61)
      at process.processTicksAndRejections (node:internal/process/task_queues:104:5)
      at async Test.run (node:internal/test_runner/test:1409:7)
      at async Test.processPendingSubtests (node:internal/test_runner/test:974:7) {
    generatedMessage: true,
    code: 'ERR_ASSERTION',
    actual: undefined,
    expected: null,
    operator: 'strictEqual',
    diff: 'simple'
  }

test at src/lib/subcategory-save.test.ts:36:3
✖ initial SQL PT409 releases intent after definite rejection (0.070333ms)
  AssertionError [ERR_ASSERTION]: Expected values to be strictly equal:
  + actual - expected

  + undefined
  - null

      at TestContext.<anonymous> (file:///Users/gabrielalmeidadias/Documents/Empresas/ProOps/DEV/Personal-ProOps-app/src/lib/subcategory-save.test.ts:39:61)
      at process.processTicksAndRejections (node:internal/process/task_queues:104:5)
      at async Test.run (node:internal/test_runner/test:1409:7)
      at async Test.processPendingSubtests (node:internal/test_runner/test:974:7) {
    generatedMessage: true,
    code: 'ERR_ASSERTION',
    actual: undefined,
    expected: null,
    operator: 'strictEqual',
    diff: 'simple'
  }

test at src/lib/subcategory-save.test.ts:44:3
✖ SQL {"code":"22023"} after lost response cannot disprove commit (0.334291ms)
  AssertionError [ERR_ASSERTION]: The input did not match the regular expression /tentativa|confirma/i. Input:

  '[object Object]'

      at process.processTicksAndRejections (node:internal/process/task_queues:104:5)
      at async TestContext.<anonymous> (file:///Users/gabrielalmeidadias/Documents/Empresas/ProOps/DEV/Personal-ProOps-app/src/lib/subcategory-save.test.ts:48:5)
      at async Test.run (node:internal/test_runner/test:1409:7)
      at async Test.processPendingSubtests (node:internal/test_runner/test:974:7) {
    generatedMessage: true,
    code: 'ERR_ASSERTION',
    actual: { code: '22023' },
    expected: /tentativa|confirma/i,
    operator: 'rejects',
    diff: 'simple'
  }

test at src/lib/subcategory-save.test.ts:44:3
✖ SQL {"code":"23514"} after lost response cannot disprove commit (0.082ms)
  AssertionError [ERR_ASSERTION]: The input did not match the regular expression /tentativa|confirma/i. Input:

  '[object Object]'

      at process.processTicksAndRejections (node:internal/process/task_queues:104:5)
      at async TestContext.<anonymous> (file:///Users/gabrielalmeidadias/Documents/Empresas/ProOps/DEV/Personal-ProOps-app/src/lib/subcategory-save.test.ts:48:5)
      at async Test.run (node:internal/test_runner/test:1409:7)
      at async Test.processPendingSubtests (node:internal/test_runner/test:974:7) {
    generatedMessage: true,
    code: 'ERR_ASSERTION',
    actual: { code: '23514' },
    expected: /tentativa|confirma/i,
    operator: 'rejects',
    diff: 'simple'
  }

test at src/lib/subcategory-save.test.ts:44:3
✖ SQL {"code":"42501"} after lost response cannot disprove commit (0.060041ms)
  AssertionError [ERR_ASSERTION]: The input did not match the regular expression /tentativa|confirma/i. Input:

  '[object Object]'

      at process.processTicksAndRejections (node:internal/process/task_queues:104:5)
      at async TestContext.<anonymous> (file:///Users/gabrielalmeidadias/Documents/Empresas/ProOps/DEV/Personal-ProOps-app/src/lib/subcategory-save.test.ts:48:5)
      at async Test.run (node:internal/test_runner/test:1409:7)
      at async Test.processPendingSubtests (node:internal/test_runner/test:974:7) {
    generatedMessage: true,
    code: 'ERR_ASSERTION',
    actual: { code: '42501' },
    expected: /tentativa|confirma/i,
    operator: 'rejects',
    diff: 'simple'
  }

test at src/lib/subcategory-save.test.ts:44:3
✖ SQL {"code":"P0001"} after lost response cannot disprove commit (0.044333ms)
  AssertionError [ERR_ASSERTION]: The input did not match the regular expression /tentativa|confirma/i. Input:

  '[object Object]'

      at process.processTicksAndRejections (node:internal/process/task_queues:104:5)
      at async TestContext.<anonymous> (file:///Users/gabrielalmeidadias/Documents/Empresas/ProOps/DEV/Personal-ProOps-app/src/lib/subcategory-save.test.ts:48:5)
      at async Test.run (node:internal/test_runner/test:1409:7)
      at async Test.processPendingSubtests (node:internal/test_runner/test:974:7) {
    generatedMessage: true,
    code: 'ERR_ASSERTION',
    actual: { code: 'P0001' },
    expected: /tentativa|confirma/i,
    operator: 'rejects',
    diff: 'simple'
  }

test at src/lib/subcategory-save.test.ts:44:3
✖ SQL {"code":"40001"} after lost response cannot disprove commit (0.047416ms)
  AssertionError [ERR_ASSERTION]: The input did not match the regular expression /tentativa|confirma/i. Input:

  '[object Object]'

      at process.processTicksAndRejections (node:internal/process/task_queues:104:5)
      at async TestContext.<anonymous> (file:///Users/gabrielalmeidadias/Documents/Empresas/ProOps/DEV/Personal-ProOps-app/src/lib/subcategory-save.test.ts:48:5)
      at async Test.run (node:internal/test_runner/test:1409:7)
      at async Test.processPendingSubtests (node:internal/test_runner/test:974:7) {
    generatedMessage: true,
    code: 'ERR_ASSERTION',
    actual: { code: '40001' },
    expected: /tentativa|confirma/i,
    operator: 'rejects',
    diff: 'simple'
  }

test at src/lib/subcategory-save.test.ts:44:3
✖ SQL {"code":"40P01"} after lost response cannot disprove commit (0.040792ms)
  AssertionError [ERR_ASSERTION]: The input did not match the regular expression /tentativa|confirma/i. Input:

  '[object Object]'

      at process.processTicksAndRejections (node:internal/process/task_queues:104:5)
      at async TestContext.<anonymous> (file:///Users/gabrielalmeidadias/Documents/Empresas/ProOps/DEV/Personal-ProOps-app/src/lib/subcategory-save.test.ts:48:5)
      at async Test.run (node:internal/test_runner/test:1409:7)
      at async Test.processPendingSubtests (node:internal/test_runner/test:974:7) {
    generatedMessage: true,
    code: 'ERR_ASSERTION',
    actual: { code: '40P01' },
    expected: /tentativa|confirma/i,
    operator: 'rejects',
    diff: 'simple'
  }

test at src/lib/subcategory-save.test.ts:44:3
✖ SQL {"code":"PT409","message":"other conflict"} after lost response cannot disprove commit (0.054375ms)
  AssertionError [ERR_ASSERTION]: The input did not match the regular expression /tentativa|confirma/i. Input:

  '[object Object]'

      at process.processTicksAndRejections (node:internal/process/task_queues:104:5)
      at async TestContext.<anonymous> (file:///Users/gabrielalmeidadias/Documents/Empresas/ProOps/DEV/Personal-ProOps-app/src/lib/subcategory-save.test.ts:48:5)
      at async Test.run (node:internal/test_runner/test:1409:7)
      at async Test.processPendingSubtests (node:internal/test_runner/test:974:7) {
    generatedMessage: true,
    code: 'ERR_ASSERTION',
    actual: { code: 'PT409', message: 'other conflict' },
    expected: /tentativa|confirma/i,
    operator: 'rejects',
    diff: 'simple'
  }

test at src/lib/subcategory-save.test.ts:52:3
✖ sealed-first save PT409 Detalhe alterado. Abra novamente confirms refusal after ambiguity (0.064916ms)
  AssertionError [ERR_ASSERTION]: Expected values to be strictly equal:

  3 !== 2

      at TestContext.<anonymous> (file:///Users/gabrielalmeidadias/Documents/Empresas/ProOps/DEV/Personal-ProOps-app/src/lib/subcategory-save.test.ts:56:48)
      at process.processTicksAndRejections (node:internal/process/task_queues:104:5)
      at async Test.run (node:internal/test_runner/test:1409:7)
      at async Test.processPendingSubtests (node:internal/test_runner/test:974:7) {
    generatedMessage: true,
    code: 'ERR_ASSERTION',
    actual: 3,
    expected: 2,
    operator: 'strictEqual',
    diff: 'simple'
  }

test at src/lib/subcategory-save.test.ts:52:3
✖ sealed-first save PT409 Detalhe receptor alterado. Abra novamente confirms refusal after ambiguity (0.041417ms)
  AssertionError [ERR_ASSERTION]: Expected values to be strictly equal:

  3 !== 2

      at TestContext.<anonymous> (file:///Users/gabrielalmeidadias/Documents/Empresas/ProOps/DEV/Personal-ProOps-app/src/lib/subcategory-save.test.ts:56:48)
      at process.processTicksAndRejections (node:internal/process/task_queues:104:5)
      at async Test.run (node:internal/test_runner/test:1409:7)
      at async Test.processPendingSubtests (node:internal/test_runner/test:974:7) {
    generatedMessage: true,
    code: 'ERR_ASSERTION',
    actual: 3,
    expected: 2,
    operator: 'strictEqual',
    diff: 'simple'
  }

test at src/lib/subcategory-save.test.ts:52:3
✖ sealed-first save PT409 Já existe um detalhe com esse nome nesta categoria. Confira para juntar confirms refusal after ambiguity (0.042042ms)
  AssertionError [ERR_ASSERTION]: Expected values to be strictly equal:

  3 !== 2

      at TestContext.<anonymous> (file:///Users/gabrielalmeidadias/Documents/Empresas/ProOps/DEV/Personal-ProOps-app/src/lib/subcategory-save.test.ts:56:48)
      at process.processTicksAndRejections (node:internal/process/task_queues:104:5)
      at async Test.run (node:internal/test_runner/test:1409:7)
      at async Test.processPendingSubtests (node:internal/test_runner/test:974:7) {
    generatedMessage: true,
    code: 'ERR_ASSERTION',
    actual: 3,
    expected: 2,
    operator: 'strictEqual',
    diff: 'simple'
  }

test at src/lib/subcategory-save.test.ts:64:3
✖ malformed or mismatched receipt null cannot release intent (0.044625ms)
  AssertionError [ERR_ASSERTION]: Missing expected rejection.
      at process.processTicksAndRejections (node:internal/process/task_queues:104:5)
      at async TestContext.<anonymous> (file:///Users/gabrielalmeidadias/Documents/Empresas/ProOps/DEV/Personal-ProOps-app/src/lib/subcategory-save.test.ts:66:5)
      at async Test.run (node:internal/test_runner/test:1409:7)
      at async Test.processPendingSubtests (node:internal/test_runner/test:974:7) {
    generatedMessage: false,
    code: 'ERR_ASSERTION',
    actual: undefined,
    expected: undefined,
    operator: 'rejects',
    diff: 'simple'
  }

test at src/lib/subcategory-save.test.ts:64:3
✖ malformed or mismatched receipt {"workspace_id":"22222222-2222-4222-8222-222222222222","subcategory_id":"33333333-3333-4333-8333-333333333333","edit_revision":8,"merged":false,"deleted":false,"affected_records":2} cannot release intent (0.031125ms)
  AssertionError [ERR_ASSERTION]: Missing expected rejection.
      at process.processTicksAndRejections (node:internal/process/task_queues:104:5)
      at async TestContext.<anonymous> (file:///Users/gabrielalmeidadias/Documents/Empresas/ProOps/DEV/Personal-ProOps-app/src/lib/subcategory-save.test.ts:66:5)
      at async Test.run (node:internal/test_runner/test:1409:7)
      at async Test.processPendingSubtests (node:internal/test_runner/test:974:7) {
    generatedMessage: false,
    code: 'ERR_ASSERTION',
    actual: undefined,
    expected: undefined,
    operator: 'rejects',
    diff: 'simple'
  }

test at src/lib/subcategory-save.test.ts:64:3
✖ malformed or mismatched receipt {"workspace_id":"11111111-1111-4111-8111-111111111111","subcategory_id":"44444444-4444-4444-8444-444444444444","edit_revision":8,"merged":false,"deleted":false,"affected_records":2} cannot release intent (0.0255ms)
  AssertionError [ERR_ASSERTION]: Missing expected rejection.
      at process.processTicksAndRejections (node:internal/process/task_queues:104:5)
      at async TestContext.<anonymous> (file:///Users/gabrielalmeidadias/Documents/Empresas/ProOps/DEV/Personal-ProOps-app/src/lib/subcategory-save.test.ts:66:5)
      at async Test.run (node:internal/test_runner/test:1409:7)
      at async Test.processPendingSubtests (node:internal/test_runner/test:974:7) {
    generatedMessage: false,
    code: 'ERR_ASSERTION',
    actual: undefined,
    expected: undefined,
    operator: 'rejects',
    diff: 'simple'
  }

test at src/lib/subcategory-save.test.ts:64:3
✖ malformed or mismatched receipt {"workspace_id":"11111111-1111-4111-8111-111111111111","subcategory_id":"33333333-3333-4333-8333-333333333333","edit_revision":7,"merged":false,"deleted":false,"affected_records":2} cannot release intent (0.043708ms)
  AssertionError [ERR_ASSERTION]: Missing expected rejection.
      at process.processTicksAndRejections (node:internal/process/task_queues:104:5)
      at async TestContext.<anonymous> (file:///Users/gabrielalmeidadias/Documents/Empresas/ProOps/DEV/Personal-ProOps-app/src/lib/subcategory-save.test.ts:66:5)
      at async Test.run (node:internal/test_runner/test:1409:7)
      at async Test.processPendingSubtests (node:internal/test_runner/test:974:7) {
    generatedMessage: false,
    code: 'ERR_ASSERTION',
    actual: undefined,
    expected: undefined,
    operator: 'rejects',
    diff: 'simple'
  }

test at src/lib/subcategory-save.test.ts:64:3
✖ malformed or mismatched receipt {"workspace_id":"11111111-1111-4111-8111-111111111111","subcategory_id":"33333333-3333-4333-8333-333333333333","edit_revision":8,"merged":true,"deleted":false,"affected_records":2} cannot release intent (0.031042ms)
  AssertionError [ERR_ASSERTION]: Missing expected rejection.
      at process.processTicksAndRejections (node:internal/process/task_queues:104:5)
      at async TestContext.<anonymous> (file:///Users/gabrielalmeidadias/Documents/Empresas/ProOps/DEV/Personal-ProOps-app/src/lib/subcategory-save.test.ts:66:5)
      at async Test.run (node:internal/test_runner/test:1409:7)
      at async Test.processPendingSubtests (node:internal/test_runner/test:974:7) {
    generatedMessage: false,
    code: 'ERR_ASSERTION',
    actual: undefined,
    expected: undefined,
    operator: 'rejects',
    diff: 'simple'
  }

test at src/lib/subcategory-save.test.ts:64:3
✖ malformed or mismatched receipt {"workspace_id":"11111111-1111-4111-8111-111111111111","subcategory_id":"33333333-3333-4333-8333-333333333333","edit_revision":null,"merged":false,"deleted":true,"affected_records":2} cannot release intent (0.022041ms)
  AssertionError [ERR_ASSERTION]: Missing expected rejection.
      at process.processTicksAndRejections (node:internal/process/task_queues:104:5)
      at async TestContext.<anonymous> (file:///Users/gabrielalmeidadias/Documents/Empresas/ProOps/DEV/Personal-ProOps-app/src/lib/subcategory-save.test.ts:66:5)
      at async Test.run (node:internal/test_runner/test:1409:7)
      at async Test.processPendingSubtests (node:internal/test_runner/test:974:7) {
    generatedMessage: false,
    code: 'ERR_ASSERTION',
    actual: undefined,
    expected: undefined,
    operator: 'rejects',
    diff: 'simple'
  }

test at src/lib/subcategory-save.test.ts:64:3
✖ malformed or mismatched receipt {"workspace_id":"11111111-1111-4111-8111-111111111111","subcategory_id":"33333333-3333-4333-8333-333333333333","edit_revision":8,"merged":false,"deleted":false,"affected_records":2,"extra":true} cannot release intent (0.021167ms)
  AssertionError [ERR_ASSERTION]: Missing expected rejection.
      at process.processTicksAndRejections (node:internal/process/task_queues:104:5)
      at async TestContext.<anonymous> (file:///Users/gabrielalmeidadias/Documents/Empresas/ProOps/DEV/Personal-ProOps-app/src/lib/subcategory-save.test.ts:66:5)
      at async Test.run (node:internal/test_runner/test:1409:7)
      at async Test.processPendingSubtests (node:internal/test_runner/test:974:7) {
    generatedMessage: false,
    code: 'ERR_ASSERTION',
    actual: undefined,
    expected: undefined,
    operator: 'rejects',
    diff: 'simple'
  }

test at src/lib/subcategory-save.test.ts:64:3
✖ malformed or mismatched receipt {"workspace_id":"11111111-1111-4111-8111-111111111111","subcategory_id":"33333333-3333-4333-8333-333333333333","edit_revision":8,"merged":false,"deleted":false,"affected_records":"2"} cannot release intent (0.020708ms)
  AssertionError [ERR_ASSERTION]: Missing expected rejection.
      at process.processTicksAndRejections (node:internal/process/task_queues:104:5)
      at async TestContext.<anonymous> (file:///Users/gabrielalmeidadias/Documents/Empresas/ProOps/DEV/Personal-ProOps-app/src/lib/subcategory-save.test.ts:66:5)
      at async Test.run (node:internal/test_runner/test:1409:7)
      at async Test.processPendingSubtests (node:internal/test_runner/test:974:7) {
    generatedMessage: false,
    code: 'ERR_ASSERTION',
    actual: undefined,
    expected: undefined,
    operator: 'rejects',
    diff: 'simple'
  }

test at src/lib/subcategory-save.test.ts:64:3
✖ malformed or mismatched receipt {"workspace_id":"11111111-1111-4111-8111-111111111111","subcategory_id":"33333333-3333-4333-8333-333333333333","edit_revision":8,"merged":false,"deleted":false,"affected_records":9007199254740992} cannot release intent (0.022417ms)
  AssertionError [ERR_ASSERTION]: Missing expected rejection.
      at process.processTicksAndRejections (node:internal/process/task_queues:104:5)
      at async TestContext.<anonymous> (file:///Users/gabrielalmeidadias/Documents/Empresas/ProOps/DEV/Personal-ProOps-app/src/lib/subcategory-save.test.ts:66:5)
      at async Test.run (node:internal/test_runner/test:1409:7)
      at async Test.processPendingSubtests (node:internal/test_runner/test:974:7) {
    generatedMessage: false,
    code: 'ERR_ASSERTION',
    actual: undefined,
    expected: undefined,
    operator: 'rejects',
    diff: 'simple'
  }

test at src/lib/subcategory-save.test.ts:64:3
✖ malformed or mismatched receipt {"workspace_id":"22222222-2222-4222-8222-222222222222","cancelled":true} cannot release intent (0.021ms)
  AssertionError [ERR_ASSERTION]: Missing expected rejection.
      at process.processTicksAndRejections (node:internal/process/task_queues:104:5)
      at async TestContext.<anonymous> (file:///Users/gabrielalmeidadias/Documents/Empresas/ProOps/DEV/Personal-ProOps-app/src/lib/subcategory-save.test.ts:66:5)
      at async Test.run (node:internal/test_runner/test:1409:7)
      at async Test.processPendingSubtests (node:internal/test_runner/test:974:7) {
    generatedMessage: false,
    code: 'ERR_ASSERTION',
    actual: undefined,
    expected: undefined,
    operator: 'rejects',
    diff: 'simple'
  }

test at src/lib/subcategory-save.test.ts:64:3
✖ malformed or mismatched receipt {"workspace_id":"11111111-1111-4111-8111-111111111111","cancelled":false} cannot release intent (0.020875ms)
  AssertionError [ERR_ASSERTION]: Missing expected rejection.
      at process.processTicksAndRejections (node:internal/process/task_queues:104:5)
      at async TestContext.<anonymous> (file:///Users/gabrielalmeidadias/Documents/Empresas/ProOps/DEV/Personal-ProOps-app/src/lib/subcategory-save.test.ts:66:5)
      at async Test.run (node:internal/test_runner/test:1409:7)
      at async Test.processPendingSubtests (node:internal/test_runner/test:974:7) {
    generatedMessage: false,
    code: 'ERR_ASSERTION',
    actual: undefined,
    expected: undefined,
    operator: 'rejects',
    diff: 'simple'
  }

test at src/lib/subcategory-save.test.ts:64:3
✖ malformed or mismatched receipt {"workspace_id":"11111111-1111-4111-8111-111111111111","cancelled":true,"extra":1} cannot release intent (0.0215ms)
  AssertionError [ERR_ASSERTION]: Missing expected rejection.
      at process.processTicksAndRejections (node:internal/process/task_queues:104:5)
      at async TestContext.<anonymous> (file:///Users/gabrielalmeidadias/Documents/Empresas/ProOps/DEV/Personal-ProOps-app/src/lib/subcategory-save.test.ts:66:5)
      at async Test.run (node:internal/test_runner/test:1409:7)
      at async Test.processPendingSubtests (node:internal/test_runner/test:974:7) {
    generatedMessage: false,
    code: 'ERR_ASSERTION',
    actual: undefined,
    expected: undefined,
    operator: 'rejects',
    diff: 'simple'
  }

test at src/lib/subcategory-save.test.ts:71:1
✖ resolution coalesces with submit and accepts only matching terminal cancellation (0.129292ms)
  AssertionError [ERR_ASSERTION]: Expected "actual" to be reference-equal to "expected":
  + actual - expected

    Promise {
  +   Symbol(async_id_symbol): 1154,
  -   Symbol(async_id_symbol): 1153,
      Symbol(trigger_async_id_symbol): 1141,
      null
    }

      at TestContext.<anonymous> (file:///Users/gabrielalmeidadias/Documents/Empresas/ProOps/DEV/Personal-ProOps-app/src/lib/subcategory-save.test.ts:75:10)
      at process.processTicksAndRejections (node:internal/process/task_queues:104:5)
      at async Test.run (node:internal/test_runner/test:1409:7)
      at async Test.processPendingSubtests (node:internal/test_runner/test:974:7) {
    generatedMessage: true,
    code: 'ERR_ASSERTION',
    actual: [Promise],
    expected: [Promise],
    operator: 'strictEqual',
    diff: 'simple'
  }

test at src/lib/subcategory-save.test.ts:81:1
✖ resolution recovers delayed commit without rewriting; PT409 alone in resolve remains ambiguous (0.052625ms)
  AssertionError [ERR_ASSERTION]: Missing expected rejection.
      at process.processTicksAndRejections (node:internal/process/task_queues:104:5)
      at async TestContext.<anonymous> (file:///Users/gabrielalmeidadias/Documents/Empresas/ProOps/DEV/Personal-ProOps-app/src/lib/subcategory-save.test.ts:85:52)
      at async Test.run (node:internal/test_runner/test:1409:7)
      at async Test.processPendingSubtests (node:internal/test_runner/test:974:7) {
    generatedMessage: false,
    code: 'ERR_ASSERTION',
    actual: undefined,
    expected: undefined,
    operator: 'rejects',
    diff: 'simple'
  }

test at src/lib/subcategory-save.test.ts:90:1
✖ create, merge and delete demand exact receipt identity, flags and next revision (0.086792ms)
  AssertionError [ERR_ASSERTION]: Missing expected rejection.
      at process.processTicksAndRejections (node:internal/process/task_queues:104:5)
      at async TestContext.<anonymous> (file:///Users/gabrielalmeidadias/Documents/Empresas/ProOps/DEV/Personal-ProOps-app/src/lib/subcategory-save.test.ts:101:88)
      at async Test.run (node:internal/test_runner/test:1409:7)
      at async Test.processPendingSubtests (node:internal/test_runner/test:974:7) {
    generatedMessage: false,
    code: 'ERR_ASSERTION',
    actual: undefined,
    expected: undefined,
    operator: 'rejects',
    diff: 'simple'
  }

test at src/lib/subcategory-save.test.ts:107:1
✖ malformed intent and revision overflow never dispatch; invalid request UUID is refused (0.042541ms)
  AssertionError [ERR_ASSERTION]: Missing expected rejection.
      at process.processTicksAndRejections (node:internal/process/task_queues:104:5)
      at async TestContext.<anonymous> (file:///Users/gabrielalmeidadias/Documents/Empresas/ProOps/DEV/Personal-ProOps-app/src/lib/subcategory-save.test.ts:110:94)
      at async Test.run (node:internal/test_runner/test:1409:7)
      at async Test.processPendingSubtests (node:internal/test_runner/test:974:7) {
    generatedMessage: false,
    code: 'ERR_ASSERTION',
    actual: undefined,
    expected: undefined,
    operator: 'rejects',
    diff: 'simple'
  }

test at src/lib/subcategory-save.test.ts:115:1
✖ delayed send can return terminal cancellation and friendly errors hide transport internals (0.03675ms)
  AssertionError [ERR_ASSERTION]: Missing expected rejection (SubcategoryAttemptCancelledError).
      at process.processTicksAndRejections (node:internal/process/task_queues:104:5)
      at async TestContext.<anonymous> (file:///Users/gabrielalmeidadias/Documents/Empresas/ProOps/DEV/Personal-ProOps-app/src/lib/subcategory-save.test.ts:116:3)
      at async Test.run (node:internal/test_runner/test:1409:7)
      at async Test.processPendingSubtests (node:internal/test_runner/test:974:7) {
    generatedMessage: false,
    code: 'ERR_ASSERTION',
    actual: undefined,
    operator: 'rejects',
    diff: 'simple'
  }
