(node:92508) [MODULE_TYPELESS_PACKAGE_JSON] Warning: Module type of file:///Users/gabrielalmeidadias/Documents/Empresas/ProOps/DEV/Personal-ProOps-app/src/lib/subcategories.test.ts is not specified and it doesn't parse as CommonJS.
Reparsing as ES module because module syntax was detected. This incurs a performance overhead.
To eliminate this warning, add "type": "module" to /Users/gabrielalmeidadias/Documents/Empresas/ProOps/DEV/Personal-ProOps-app/package.json.
(Use `node --trace-warnings ...` to show where the warning was created)
✔ changing parent clears detail; equivalent aliases preserve it; null never invents detail (1.577417ms)
✔ read decoder returns independent closed copies and accepts income parents (0.450791ms)
✔ read refuses extra (0.164041ms)
✔ read refuses bad id (0.056792ms)
✔ read refuses bad workspace (0.043833ms)
✔ read refuses whitespace name (0.035166ms)
✔ read refuses uppercase name (0.033459ms)
✔ read refuses empty parent (0.035125ms)
✔ read refuses uppercase parent (0.035583ms)
✔ read refuses long parent (0.080417ms)
✔ read refuses long name (0.042416ms)
✔ read refuses null revision (0.035ms)
✔ read refuses zero revision (0.027375ms)
✔ read refuses coerced revision (0.139625ms)
✔ read refuses unsafe revision (0.025875ms)
✔ read refuses negative count (0.022958ms)
✔ read refuses decimal count (0.023125ms)
✔ read refuses coerced count (0.033875ms)
✔ read refuses unsafe count (0.026625ms)
✔ read refuses malformed state and duplicate identity or folded namespaces (0.079083ms)
✔ name limits count Unicode codepoints and UUID aliases normalize (0.456125ms)
✔ explicit detail resolves only current matching workspace and parent, as a copy (0.121084ms)
✔ save builder normalizes user names without mutating caller and admits create, edit, merge (0.075042ms)
✔ save refuses extra (0.026916ms)
✔ save refuses action (0.017708ms)
✔ save refuses workspace (0.020333ms)
✔ save refuses missing id pair (0.014542ms)
✔ save refuses missing revision pair (0.018791ms)
✔ save refuses zero revision (0.015417ms)
✔ save refuses bad id (0.013292ms)
✔ save refuses blank name (0.0145ms)
✔ save refuses coerced name (0.021416ms)
✔ save refuses long Unicode name (0.01425ms)
✔ save refuses merge create (0.0155ms)
✔ save refuses merge same source (0.021958ms)
✔ save refuses merge without revision (0.01525ms)
✔ save refuses merge revision without id (0.012917ms)
✔ save refuses merge zero revision (0.016208ms)
✔ save refuses coerced revision (0.012292ms)
✔ commands require every field, delete accepts only its own closed shape (0.082042ms)
✔ write result validates saved, merged and deleted invariants and copies result (0.107ms)
✔ breakdown preserves Sem detalhe and closes exactly in safe integer cents (0.108291ms)
(node:92509) [MODULE_TYPELESS_PACKAGE_JSON] Warning: Module type of file:///Users/gabrielalmeidadias/Documents/Empresas/ProOps/DEV/Personal-ProOps-app/src/lib/subcategory-save.test.ts is not specified and it doesn't parse as CommonJS.
Reparsing as ES module because module syntax was detected. This incurs a performance overhead.
To eliminate this warning, add "type": "module" to /Users/gabrielalmeidadias/Documents/Empresas/ProOps/DEV/Personal-ProOps-app/package.json.
(Use `node --trace-warnings ...` to show where the warning was created)
✔ double tap coalesces and owns immutable normalized intent despite caller mutation (1.111542ms)
✔ transport ambiguity retains exact normalized payload and UUID on reordered retry (0.140875ms)
✔ initial SQL 22023 releases intent after definite rejection (0.093167ms)
✔ initial SQL 23514 releases intent after definite rejection (0.074209ms)
✔ initial SQL 42501 releases intent after definite rejection (0.064166ms)
✔ initial SQL P0001 releases intent after definite rejection (0.0735ms)
✔ initial SQL 40001 releases intent after definite rejection (0.05075ms)
✔ initial SQL 40P01 releases intent after definite rejection (0.045792ms)
✔ initial SQL PT409 releases intent after definite rejection (0.052375ms)
✔ SQL {"code":"22023"} after lost response cannot disprove commit (0.169041ms)
✔ SQL {"code":"23514"} after lost response cannot disprove commit (0.059042ms)
✔ SQL {"code":"42501"} after lost response cannot disprove commit (0.050625ms)
✔ SQL {"code":"P0001"} after lost response cannot disprove commit (0.049791ms)
✔ SQL {"code":"40001"} after lost response cannot disprove commit (0.044875ms)
✔ SQL {"code":"40P01"} after lost response cannot disprove commit (0.041666ms)
✔ SQL {"code":"PT409","message":"other conflict"} after lost response cannot disprove commit (0.037458ms)
✔ sealed-first save PT409 Detalhe alterado. Abra novamente confirms refusal after ambiguity (0.064333ms)
✔ sealed-first save PT409 Detalhe receptor alterado. Abra novamente confirms refusal after ambiguity (0.044667ms)
✔ sealed-first save PT409 Já existe um detalhe com esse nome nesta categoria. Confira para juntar confirms refusal after ambiguity (0.035ms)
✔ malformed or mismatched receipt null cannot release intent (0.076916ms)
✔ malformed or mismatched receipt {"workspace_id":"22222222-2222-4222-8222-222222222222","subcategory_id":"33333333-3333-4333-8333-333333333333","edit_revision":8,"merged":false,"deleted":false,"affected_records":2} cannot release intent (0.036167ms)
✔ malformed or mismatched receipt {"workspace_id":"11111111-1111-4111-8111-111111111111","subcategory_id":"44444444-4444-4444-8444-444444444444","edit_revision":8,"merged":false,"deleted":false,"affected_records":2} cannot release intent (0.0355ms)
✔ malformed or mismatched receipt {"workspace_id":"11111111-1111-4111-8111-111111111111","subcategory_id":"33333333-3333-4333-8333-333333333333","edit_revision":7,"merged":false,"deleted":false,"affected_records":2} cannot release intent (0.026583ms)
✔ malformed or mismatched receipt {"workspace_id":"11111111-1111-4111-8111-111111111111","subcategory_id":"33333333-3333-4333-8333-333333333333","edit_revision":8,"merged":true,"deleted":false,"affected_records":2} cannot release intent (0.045167ms)
✔ malformed or mismatched receipt {"workspace_id":"11111111-1111-4111-8111-111111111111","subcategory_id":"33333333-3333-4333-8333-333333333333","edit_revision":null,"merged":false,"deleted":true,"affected_records":2} cannot release intent (0.034416ms)
✔ malformed or mismatched receipt {"workspace_id":"11111111-1111-4111-8111-111111111111","subcategory_id":"33333333-3333-4333-8333-333333333333","edit_revision":8,"merged":false,"deleted":false,"affected_records":2,"extra":true} cannot release intent (0.03375ms)
✔ malformed or mismatched receipt {"workspace_id":"11111111-1111-4111-8111-111111111111","subcategory_id":"33333333-3333-4333-8333-333333333333","edit_revision":8,"merged":false,"deleted":false,"affected_records":"2"} cannot release intent (0.025292ms)
✔ malformed or mismatched receipt {"workspace_id":"11111111-1111-4111-8111-111111111111","subcategory_id":"33333333-3333-4333-8333-333333333333","edit_revision":8,"merged":false,"deleted":false,"affected_records":9007199254740992} cannot release intent (0.024458ms)
✔ malformed or mismatched receipt {"workspace_id":"22222222-2222-4222-8222-222222222222","cancelled":true} cannot release intent (0.025959ms)
✔ malformed or mismatched receipt {"workspace_id":"11111111-1111-4111-8111-111111111111","cancelled":false} cannot release intent (0.0295ms)
✔ malformed or mismatched receipt {"workspace_id":"11111111-1111-4111-8111-111111111111","cancelled":true,"extra":1} cannot release intent (0.025625ms)
✔ resolution coalesces with submit and accepts only matching terminal cancellation (0.099917ms)
✔ resolution recovers delayed commit without rewriting; PT409 alone in resolve remains ambiguous (0.05325ms)
✔ create, merge and delete demand exact receipt identity, flags and next revision (0.168458ms)
✔ malformed intent and revision overflow never dispatch; invalid request UUID is refused (0.059209ms)
✔ delayed send can return terminal cancellation and friendly errors hide transport internals (0.11625ms)
✔ a transport-thrown cancellation error is not a sealed terminal receipt (0.044709ms)
ℹ tests 79
ℹ suites 0
ℹ pass 79
ℹ fail 0
ℹ cancelled 0
ℹ skipped 0
ℹ todo 0
ℹ duration_ms 128.014208
