Picked up JAVA_TOOL_OPTIONS: -Duser.home=/private/tmp/proops-maestro-state
Picked up JAVA_TOOL_OPTIONS: -Duser.home=/private/tmp/proops-maestro-state
Running on iPhone 17 Pro - iOS 26.5 - F0BDF23C-0286-4183-97E3-3BCC61D4267D
 > Flow ios-fresh-save
Tap on "Finanças"... COMPLETED
Assert that "Mais opções.*" is visible... COMPLETED
Tap on "Mais opções.*"... COMPLETED
Tap on "Metas"... COMPLETED
Assert that "Simular juntas.*" is visible... COMPLETED
Tap on "Simular juntas.*"... COMPLETED
Assert that "Menor disponibilidade no período" is visible... COMPLETED
Scrolling DOWN until "Primeiro aporte para Reserva de emergência.*" is visible with speed 40, visibility percentage 100%, timeout 18000 ms, with centering disabled... COMPLETED
Tap on "Primeiro aporte para Reserva de emergência.*"... COMPLETED
Scrolling DOWN until "31/10/2026" is visible with speed 40, visibility percentage 100%, timeout 18000 ms, with centering disabled... COMPLETED
Tap on "31/10/2026"... COMPLETED
Assert that "31/10/2026" is visible... COMPLETED
Take screenshot ios-fresh-date-31... COMPLETED
Scrolling UP until "Aporte mensal para Reserva de emergência" is visible with speed 40, visibility percentage 100%, timeout 18000 ms, with centering disabled... COMPLETED
Tap on "Aporte mensal para Reserva de emergência"... COMPLETED
Erase 20 characters... COMPLETED
Assert that "0,00" is visible... COMPLETED
Input text 70000... COMPLETED
Assert that "700,00" is visible... COMPLETED
Take screenshot ios-fresh-save-draft... COMPLETED
Tap on "Salvar"... COMPLETED
Assert that "Simular juntas.*" is visible... COMPLETED
Take screenshot ios-fresh-save-summary... COMPLETED
