Picked up JAVA_TOOL_OPTIONS: -Duser.home=/private/tmp/proops-maestro-state
Picked up JAVA_TOOL_OPTIONS: -Duser.home=/private/tmp/proops-maestro-state
Running on iPhone 17 Pro - iOS 26.5 - F0BDF23C-0286-4183-97E3-3BCC61D4267D
 > Flow ios-persistence
Launch app "com.proops.personal.dev"... COMPLETED
Assert that "Finanças" is visible... COMPLETED
Tap on "Finanças"... COMPLETED
Assert that "Mais opções.*" is visible... COMPLETED
Tap on "Mais opções.*"... COMPLETED
Tap on "Metas"... COMPLETED
Assert that "Simular juntas.*" is visible... COMPLETED
Tap on "Simular juntas.*"... COMPLETED
Assert that "Menor disponibilidade no período" is visible... COMPLETED
Scrolling DOWN until "Aporte mensal para Reserva de emergência" is visible with speed 40, visibility percentage 100%, timeout 18000 ms, with centering disabled... COMPLETED
Assert that "700,00" is visible... COMPLETED
Scrolling DOWN until "Primeiro aporte para Reserva de emergência.*" is visible with speed 40, visibility percentage 100%, timeout 18000 ms, with centering disabled... COMPLETED
Assert that "31/10/2026" is visible... COMPLETED
Take screenshot ios-cold-persisted-700... COMPLETED
Tap on "Fechar"... COMPLETED
Assert that "Simular juntas.*" is visible... COMPLETED
