Picked up JAVA_TOOL_OPTIONS: -Duser.home=/private/tmp/proops-maestro-state
Picked up JAVA_TOOL_OPTIONS: -Duser.home=/private/tmp/proops-maestro-state
Running on tudo_azul_audit_20261002
 > Flow android-privacy
Tap on "Ocultar valor"... COMPLETED
Open appproops://finance/goals... COMPLETED
Long press on "Troca do notebook"... COMPLETED
Tap on "Simular com outras metas"... COMPLETED
Swipe from (50%, 86%) to (50%, 35%) in 600 ms... COMPLETED
Take screenshot android-private-input... COMPLETED
Swipe from (50%, 86%) to (50%, 40%) in 600 ms... COMPLETED
Assert that "Previsão da meta oculta" is visible... FAILED

Assertion is false: "Previsão da meta oculta" is visible

Assertion '"Previsão da meta oculta" is visible' failed. Check the UI hierarchy in debug artifacts to verify the element state and properties.

Possible causes:
- Element selector may be incorrect - check if there are similar elements with slightly different names/properties.
- Element may be temporarily unavailable due to loading state
- This could be a real regression that needs to be addressed

==== Debug output (logs & screenshots) ====

/private/tmp/proops-f10-native/android-privacy/.maestro/tests/2026-10-03_202954
