(node:61931) [MODULE_TYPELESS_PACKAGE_JSON] Warning: Module type of file:///Users/gabrielalmeidadias/Documents/Empresas/ProOps/DEV/Personal-ProOps-app/src/lib/simple-finance-ui.test.ts is not specified and it doesn't parse as CommonJS.
Reparsing as ES module because module syntax was detected. This incurs a performance overhead.
To eliminate this warning, add "type": "module" to /Users/gabrielalmeidadias/Documents/Empresas/ProOps/DEV/Personal-ProOps-app/package.json.
(Use `node --trace-warnings ...` to show where the warning was created)
✖ Lançamentos: período personalizado distingue anos nos dias e rótulos acessíveis (extrato) (177.344792ms)
✖ Lançamentos: período personalizado distingue anos nos dias e rótulos acessíveis (ocorrências) (80.759416ms)
ℹ tests 2
ℹ suites 0
ℹ pass 0
ℹ fail 2
ℹ cancelled 0
ℹ skipped 0
ℹ todo 0
ℹ duration_ms 546.515083

✖ failing tests:

test at src/lib/simple-finance-ui.test.ts:4797:3
✖ Lançamentos: período personalizado distingue anos nos dias e rótulos acessíveis (extrato) (177.344792ms)
  AssertionError [ERR_ASSERTION]: total do dia deve ceder uma linha quando a fonte cresce
  + actual - expected
  
  + undefined
  - 'wrap'
  
      at TestContext.<anonymous> (file:///Users/gabrielalmeidadias/Documents/Empresas/ProOps/DEV/Personal-ProOps-app/src/lib/simple-finance-ui.test.ts:4818:16)
      at Test.runInAsyncScope (node:async_hooks:226:14)
      at Test.run (node:internal/test_runner/test:1402:25)
      at Test.start (node:internal/test_runner/test:1262:17)
      at startSubtestAfterBootstrap (node:internal/test_runner/harness:387:17)
      at process.processTicksAndRejections (node:internal/process/task_queues:104:5) {
    generatedMessage: false,
    code: 'ERR_ASSERTION',
    actual: undefined,
    expected: 'wrap',
    operator: 'strictEqual',
    diff: 'simple'
  }

test at src/lib/simple-finance-ui.test.ts:4797:3
✖ Lançamentos: período personalizado distingue anos nos dias e rótulos acessíveis (ocorrências) (80.759416ms)
  AssertionError [ERR_ASSERTION]: total do dia deve ceder uma linha quando a fonte cresce
  + actual - expected
  
  + undefined
  - 'wrap'
  
      at TestContext.<anonymous> (file:///Users/gabrielalmeidadias/Documents/Empresas/ProOps/DEV/Personal-ProOps-app/src/lib/simple-finance-ui.test.ts:4818:16)
      at Test.runInAsyncScope (node:async_hooks:226:14)
      at Test.run (node:internal/test_runner/test:1402:25)
      at Test.processPendingSubtests (node:internal/test_runner/test:974:18)
      at Test.postRun (node:internal/test_runner/test:1542:19)
      at Test.run (node:internal/test_runner/test:1467:12)
      at process.processTicksAndRejections (node:internal/process/task_queues:104:5)
      at async startSubtestAfterBootstrap (node:internal/test_runner/harness:387:3) {
    generatedMessage: false,
    code: 'ERR_ASSERTION',
    actual: undefined,
    expected: 'wrap',
    operator: 'strictEqual',
    diff: 'simple'
  }
