(node:19301) [MODULE_TYPELESS_PACKAGE_JSON] Warning: Module type of file:///Users/gabrielalmeidadias/Documents/Empresas/ProOps/DEV/Personal-ProOps-app/src/lib/simple-finance-ui.test.ts is not specified and it doesn't parse as CommonJS.
Reparsing as ES module because module syntax was detected. This incurs a performance overhead.
To eliminate this warning, add "type": "module" to /Users/gabrielalmeidadias/Documents/Empresas/ProOps/DEV/Personal-ProOps-app/package.json.
(Use `node --trace-warnings ...` to show where the warning was created)
✔ F08 editor: fresh requested workspace opens once and closing ignores a late snapshot (105.4485ms)
✔ F08 editor: draft and snapshot survive query updates and width changes (54.140542ms)
✔ F08 editor: error cannot present or save a previous scenario (40.219583ms)
✔ F08 editor: fetching cannot present or save a previous scenario (38.596875ms)
✔ F08 editor: pending cannot present or save a previous scenario (34.669958ms)
✔ F08 editor: revision cannot present or save a previous scenario (33.258708ms)
✔ F08 editor: fingerprint cannot present or save a previous scenario (34.444791ms)
✔ F08 editor: a confirmed CAS refusal removes the old scenario until a fresh reopening (35.322667ms)
✔ F08 editor: retrying a transient preview error preserves the editable draft (35.544042ms)
✔ F08 result: recalculation preserves its component and measured space without showing old financial readings (34.282084ms)
✔ F08 result: a refused or failed scenario does not pretend to keep loading (31.068542ms)
✔ F08 editor: actual excluded fields disappear and retoggle preserves its own monthly draft (30.867625ms)
✔ F08 editor: an ambiguous attempt freezes editing and close; retry uses the confirmed immutable input (34.1515ms)
✔ F08 sheet: actual workspace cycle controls the ruler, independent of default profile capability (30.146916ms)
✔ F08 result: conceal suppresses derived numbers, pressure date, comparison chart and accessibility values (49.082416ms)
✔ F08 goals menu forwards the selected goal workspace instead of the default summary workspace (55.101875ms)
✔ F10 editor: source mode preserves monthly/deadline drafts and sends only the chosen input (33.321ms)
✔ F10 editor: zero explains the missing amount and cannot save; initial-only plan can complete (37.804167ms)
✔ F10 summary: civil 31 calendar and last exact cents come from current draft, conceal hides sensitive output (47.664791ms)
ℹ tests 19
ℹ suites 0
ℹ pass 19
ℹ fail 0
ℹ cancelled 0
ℹ skipped 0
ℹ todo 0
ℹ duration_ms 1065.081917
