(node:96966) [MODULE_TYPELESS_PACKAGE_JSON] Warning: Module type of file:///Users/gabrielalmeidadias/Documents/Empresas/ProOps/DEV/Personal-ProOps-app/src/lib/simple-finance-ui.test.ts is not specified and it doesn't parse as CommonJS.
Reparsing as ES module because module syntax was detected. This incurs a performance overhead.
To eliminate this warning, add "type": "module" to /Users/gabrielalmeidadias/Documents/Empresas/ProOps/DEV/Personal-ProOps-app/package.json.
(Use `node --trace-warnings ...` to show where the warning was created)
✖ F10 editor: source mode preserves monthly/deadline drafts and sends only the chosen input (72.019083ms)
✖ F10 editor: zero explains the missing amount and cannot save; initial-only plan can complete (29.066833ms)
✖ F10 summary: civil 31 calendar and last exact cents come from current draft, conceal hides sensitive output (53.431125ms)
ℹ tests 3
ℹ suites 0
ℹ pass 0
ℹ fail 3
ℹ cancelled 0
ℹ skipped 0
ℹ todo 0
ℹ duration_ms 446.421958

✖ failing tests:

test at src/lib/simple-finance-ui.test.ts:6787:1
✖ F10 editor: source mode preserves monthly/deadline drafts and sends only the chosen input (72.019083ms)
  AssertionError [ERR_ASSERTION]: The current editor must expose goal calculation modes
      at TestContext.<anonymous> (file:///Users/gabrielalmeidadias/Documents/Empresas/ProOps/DEV/Personal-ProOps-app/src/lib/simple-finance-ui.test.ts:6790:10)
      at process.processTicksAndRejections (node:internal/process/task_queues:104:5)
      at async Test.run (node:internal/test_runner/test:1409:7)
      at async startSubtestAfterBootstrap (node:internal/test_runner/harness:387:3) {
    generatedMessage: false,
    code: 'ERR_ASSERTION',
    actual: undefined,
    expected: true,
    operator: '==',
    diff: 'simple'
  }

test at src/lib/simple-finance-ui.test.ts:6803:1
✖ F10 editor: zero explains the missing amount and cannot save; initial-only plan can complete (29.066833ms)
  AssertionError [ERR_ASSERTION]: The expression evaluated to a falsy value:
  
    assert.ok(ui.nodes().some(node => node.props.children === 'Informe quanto consegue guardar por mês.'))
  
      at TestContext.<anonymous> (file:///Users/gabrielalmeidadias/Documents/Empresas/ProOps/DEV/Personal-ProOps-app/src/lib/simple-finance-ui.test.ts:6806:10)
      at process.processTicksAndRejections (node:internal/process/task_queues:104:5)
      at async Test.run (node:internal/test_runner/test:1409:7)
      at async Test.processPendingSubtests (node:internal/test_runner/test:974:7) {
    generatedMessage: true,
    code: 'ERR_ASSERTION',
    actual: false,
    expected: true,
    operator: '==',
    diff: 'simple'
  }

test at src/lib/simple-finance-ui.test.ts:6814:1
✖ F10 summary: civil 31 calendar and last exact cents come from current draft, conceal hides sensitive output (53.431125ms)
  AssertionError [ERR_ASSERTION]: The expression evaluated to a falsy value:
  
    assert.ok(rows().some(node => node.props.subtitle === '28/02/2027'))
  
      at TestContext.<anonymous> (file:///Users/gabrielalmeidadias/Documents/Empresas/ProOps/DEV/Personal-ProOps-app/src/lib/simple-finance-ui.test.ts:6818:10)
      at process.processTicksAndRejections (node:internal/process/task_queues:104:5)
      at async Test.run (node:internal/test_runner/test:1409:7)
      at async Test.processPendingSubtests (node:internal/test_runner/test:974:7) {
    generatedMessage: true,
    code: 'ERR_ASSERTION',
    actual: false,
    expected: true,
    operator: '==',
    diff: 'simple'
  }
