(node:88220) [MODULE_TYPELESS_PACKAGE_JSON] Warning: Module type of file:///Users/gabrielalmeidadias/Documents/Empresas/ProOps/DEV/Personal-ProOps-app/src/lib/goal-contribution.test.ts is not specified and it doesn't parse as CommonJS.
Reparsing as ES module because module syntax was detected. This incurs a performance overhead.
To eliminate this warning, add "type": "module" to /Users/gabrielalmeidadias/Documents/Empresas/ProOps/DEV/Personal-ProOps-app/package.json.
(Use `node --trace-warnings ...` to show where the warning was created)
✔ monthly contributions preserve exact remaining cents with a smaller final contribution (0.7975ms)
✔ one cent and a contribution larger than remaining finish today at exactly remaining (0.154417ms)
✔ monthly 0 is incomplete rather than infinite (0.044917ms)
✔ monthly null is incomplete rather than infinite (0.03325ms)
✔ missing next date explicitly remains incomplete (0.04275ms)
✔ reached goals need no contributions even when sources are incomplete (0.083875ms)
✔ civil calendar 2027-01-31 + 1 months = 2027-02-28 (0.040583ms)
✔ civil calendar 2027-01-31 + 2 months = 2027-03-31 (0.024541ms)
✔ civil calendar 2028-01-31 + 1 months = 2028-02-29 (0.040541ms)
✔ civil calendar 2028-01-31 + 2 months = 2028-03-31 (0.049834ms)
✔ civil calendar 1900-01-31 + 1 months = 1900-02-28 (0.037666ms)
✔ civil calendar 2000-01-31 + 1 months = 2000-02-29 (0.020959ms)
✔ civil calendar 0001-01-31 + 0 months = 0001-01-31 (0.018ms)
✔ civil calendar 9999-11-30 + 1 months = 9999-12-30 (0.016042ms)
✔ civil calendar 9999-12-31 + 1 months = null (0.01375ms)
✔ civil calendar 0001-01-01 + 9007199254740991 months = null (0.013541ms)
✔ past monthly intentions skip missed dates and preserve the original day 31 (0.045625ms)
✔ missed initial intention is flagged and never counted as paid (0.02975ms)
✔ missed initial intention stays explicit even while the deadline source is incomplete (0.025666ms)
✔ initial today counts once and an equal-day monthly contribution remains distinct (0.061375ms)
✔ full initial intention is capped and needs neither monthly amount nor first date (0.035667ms)
✔ positive initial intention requires its own date (0.0285ms)
✔ partial initial after effective first monthly date is incomplete (0.028625ms)
✔ deadline mode rounds upward but preserves exact final remainder (0.038583ms)
✔ deadline counts only slots on or before the deadline and can finish earlier (0.026ms)
✔ deadline today includes a contribution today (0.019458ms)
✔ deadline missing is incomplete; passed deadline and first after deadline are unreachable (0.032667ms)
✔ deadline initial cannot lie after the deadline even if it would cover everything (0.02525ms)
✔ deadline initial reduces the amount used by the inverse monthly calculation (0.025708ms)
✔ full initial still needs the deadline source, but may complete without a monthly anchor (0.028375ms)
✔ deadline month boundary counts the clamped leap-day slot without changing the anchor (0.027959ms)
✔ random access handles the full civil calendar without building a schedule (0.037334ms)
✔ monthly horizon extends beyond ten years with no artificial cut (0.021042ms)
✔ year overflow and immense monthly counts are explicit without allocation or precision loss (0.069458ms)
✔ large safe cents use integer division rather than rounding intermediate doubles (0.037792ms)
✔ runtime input rejects extra field before calculating, including reached goals (0.071042ms)
✔ runtime input rejects missing field before calculating, including reached goals (0.0195ms)
✔ runtime input rejects zero target before calculating, including reached goals (0.017875ms)
✔ runtime input rejects negative saved before calculating, including reached goals (0.021167ms)
✔ runtime input rejects decimal cents before calculating, including reached goals (0.026958ms)
✔ runtime input rejects unsafe target before calculating, including reached goals (0.022167ms)
✔ runtime input rejects string cents before calculating, including reached goals (0.021917ms)
✔ runtime input rejects NaN cents before calculating, including reached goals (0.025125ms)
✔ runtime input rejects infinite cents before calculating, including reached goals (0.020375ms)
✔ runtime input rejects negative initial before calculating, including reached goals (0.016625ms)
✔ runtime input rejects invalid mode before calculating, including reached goals (0.020666ms)
✔ runtime input rejects monthly opposite source before calculating, including reached goals (0.018625ms)
✔ runtime input rejects deadline opposite source before calculating, including reached goals (0.017375ms)
✔ runtime input rejects inactive initial date before calculating, including reached goals (0.016334ms)
✔ runtime input rejects missing date type before calculating, including reached goals (0.015916ms)
✔ runtime input rejects invalid day before calculating, including reached goals (0.016584ms)
✔ runtime input rejects invalid 1900 leap before calculating, including reached goals (0.254084ms)
✔ runtime input rejects noncivil timestamp before calculating, including reached goals (0.041625ms)
✔ runtime input rejects year zero before calculating, including reached goals (0.023083ms)
✔ runtime input rejects five digit year before calculating, including reached goals (0.019834ms)
✔ runtime input rejects short date before calculating, including reached goals (0.024292ms)
✔ runtime objects must be plain records rather than null, arrays or class instances (0.042459ms)
✔ calendar and schedule reject invalid indexes and anchors (0.072959ms)
✔ manual schedules conserve remaining and agree with estimated date in both directions (0.150292ms)
✔ pure recalculation preserves the input and has no dependence on device clock or caret state (0.04625ms)
ℹ tests 60
ℹ suites 0
ℹ pass 60
ℹ fail 0
ℹ cancelled 0
ℹ skipped 0
ℹ todo 0
ℹ duration_ms 117.825667
