5:✔ decodes safe cents without deriving or overwriting server scenario (4.648084ms)
6:✔ rejects unsafe cents (0.099708ms)
7:✔ rejects decimal cents (0.039875ms)
8:✔ rejects numeric wire cents (0.079792ms)
9:✔ rejects negative saved (0.047333ms)
10:✔ rejects zero target (0.040166ms)
11:✔ rejects negative planned (0.058666ms)
12:✔ rejects invalid civil date (0.033167ms)
13:✔ rejects invalid leap date (0.047708ms)
14:✔ rejects unknown field (0.079833ms)
15:✔ rejects missing field (0.04ms)
16:✔ rejects unknown goal field (0.035959ms)
17:✔ rejects duplicate goals (0.043208ms)
18:✔ rejects duplicate month (0.033083ms)
19:✔ rejects forged incomplete id (0.038458ms)
20:✔ rejects forged excluded id (0.03425ms)
21:✔ rejects duplicate missed id (0.029666ms)
22:✔ rejects invalid uuid (0.040375ms)
23:✔ rejects invalid fingerprint (0.034ms)
24:✔ rejects invalid view (0.028583ms)
25:✔ rejects invalid mode (0.023375ms)
26:✔ rejects zero days (0.023209ms)
27:✔ rejects excessive days (0.020542ms)
28:✔ rejects noninteger revision (0.026458ms)
29:✔ rejects zero revision (0.02975ms)
30:✔ rejects invalid origin (0.022791ms)
31:✔ rejects invalid deadline status (0.018291ms)
32:✔ rejects wrong mode array (0.042042ms)
33:✔ rejects reversed month range (0.022708ms)
34:✔ daily mode accepts leap day and detects duplicate daily points (0.053125ms)
35:✔ minimum availability retains an intraperiod negative even when month ends positive (0.045125ms)
36:✔ cycle month bounds may start in previous civil month (0.031167ms)
37:✔ empty goals permit clearing an empty plan (0.513416ms)
38:✔ builders copy and sort all current goals and normalize excluded fields without mutating draft (0.13025ms)
39:✔ preview retains incomplete included proposals but save refuses them (0.082041ms)
40:✔ builders reject missing items (0.047959ms)
41:✔ builders reject extra items (0.038542ms)
42:✔ builders reject duplicate items (0.044042ms)
43:✔ builders reject unsafe items (0.031125ms)
44:✔ builders reject zero items (0.0315ms)
45:✔ builders reject decimal items (0.026458ms)
46:✔ builders reject invalid date items (0.035375ms)
47:✔ builders reject unknown field items (0.027958ms)
48:ℹ tests 43
50:ℹ pass 43
51:ℹ fail 0
52:ℹ cancelled 0
53:ℹ skipped 0
