✔ F08 hooks: one workspace RPC owns the complete horizon and previous query data is not a placeholder (25.102167ms)
✔ F08 hooks: ambiguous outcomes do not invalidate a scenario; sealed cancellation and success do (14.751209ms)
✔ F08 fresh editor read preserves explicit workspace, draft and cancellation signal (16.066166ms)
✔ F08 editor: fresh requested workspace opens once and closing ignores a late snapshot (27.451ms)
✔ F08 editor: draft and snapshot survive query updates and width changes (17.449083ms)
✔ F08 editor: error cannot present or save a previous scenario (18.359792ms)
✔ F08 editor: fetching cannot present or save a previous scenario (17.759959ms)
✔ F08 editor: pending cannot present or save a previous scenario (14.435375ms)
✔ F08 editor: revision cannot present or save a previous scenario (16.000083ms)
✔ F08 editor: fingerprint cannot present or save a previous scenario (13.426916ms)
✔ F08 editor: a confirmed CAS refusal removes the old scenario until a fresh reopening (17.149292ms)
✔ F08 editor: retrying a transient preview error preserves the editable draft (14.251917ms)
✔ F08 result: recalculation preserves its component and measured space without showing old financial readings (16.7895ms)
✔ F08 result: a refused or failed scenario does not pretend to keep loading (13.454583ms)
✔ F08 editor: actual excluded fields disappear and retoggle preserves its own monthly draft (15.882166ms)
✔ F08 editor: an ambiguous attempt freezes editing and close; retry uses the confirmed immutable input (15.90525ms)
✔ F08 sheet: actual workspace cycle controls the ruler, independent of default profile capability (13.301334ms)
✔ F08 result: conceal suppresses derived numbers, pressure date, comparison chart and accessibility values (20.868375ms)
✔ F08 goals menu forwards the selected goal workspace instead of the default summary workspace (31.484542ms)
ℹ tests 1936
ℹ pass 1936
ℹ fail 0
ℹ cancelled 0
ℹ skipped 0
