(node:17589) [MODULE_TYPELESS_PACKAGE_JSON] Warning: Module type of file://<repo>/src/lib/simple-finance-ui.test.ts is not specified and it doesn't parse as CommonJS.
Reparsing as ES module because module syntax was detected. This incurs a performance overhead.
To eliminate this warning, add "type": "module" to <repo>/package.json.
(Use `node --trace-warnings ...` to show where the warning was created)
✖ F08 result: recalculation preserves its component and measured space without showing old financial readings (69.689792ms)
ℹ tests 1
ℹ suites 0
ℹ pass 0
ℹ fail 1
ℹ cancelled 0
ℹ skipped 0
ℹ todo 0
ℹ duration_ms 342.20275

✖ failing tests:

test at src/lib/simple-finance-ui.test.ts:6660:1
✖ F08 result: recalculation preserves its component and measured space without showing old financial readings (69.689792ms)
  AssertionError [ERR_ASSERTION]: Recalculation must not unmount the expanded result
      at TestContext.<anonymous> (file://<repo>/src/lib/simple-finance-ui.test.ts:6666:10)
      at process.processTicksAndRejections (node:internal/process/task_queues:104:5)
      at async Test.run (node:internal/test_runner/test:1409:7)
      at async startSubtestAfterBootstrap (node:internal/test_runner/harness:387:3) {
    generatedMessage: false,
    code: 'ERR_ASSERTION',
    actual: undefined,
    expected: true,
    operator: '==',
    diff: 'simple'
  }
