(node:17636) [MODULE_TYPELESS_PACKAGE_JSON] Warning: Module type of file://<repo>/src/lib/simple-finance-ui.test.ts is not specified and it doesn't parse as CommonJS.
Reparsing as ES module because module syntax was detected. This incurs a performance overhead.
To eliminate this warning, add "type": "module" to <repo>/package.json.
(Use `node --trace-warnings ...` to show where the warning was created)
✔ F08 editor: fresh requested workspace opens once and closing ignores a late snapshot (80.357042ms)
✔ F08 editor: draft and snapshot survive query updates and width changes (31.725584ms)
✔ F08 editor: error cannot present or save a previous scenario (25.23125ms)
✔ F08 editor: fetching cannot present or save a previous scenario (25.562917ms)
✔ F08 editor: pending cannot present or save a previous scenario (24.913625ms)
✔ F08 editor: revision cannot present or save a previous scenario (25.080083ms)
✔ F08 editor: fingerprint cannot present or save a previous scenario (16.81425ms)
✔ F08 editor: a confirmed CAS refusal removes the old scenario until a fresh reopening (20.503041ms)
✔ F08 editor: retrying a transient preview error preserves the editable draft (23.806083ms)
✔ F08 result: recalculation preserves its component and measured space without showing old financial readings (15.897583ms)
✔ F08 editor: actual excluded fields disappear and retoggle preserves its own monthly draft (21.006667ms)
✔ F08 editor: an ambiguous attempt freezes editing and close; retry uses the confirmed immutable input (18.342959ms)
✔ F08 sheet: actual workspace cycle controls the ruler, independent of default profile capability (19.385375ms)
✔ F08 result: conceal suppresses derived numbers, pressure date, comparison chart and accessibility values (54.995208ms)
✔ F08 goals menu forwards the selected goal workspace instead of the default summary workspace (52.520334ms)
ℹ tests 15
ℹ suites 0
ℹ pass 15
ℹ fail 0
ℹ cancelled 0
ℹ skipped 0
ℹ todo 0
ℹ duration_ms 740.549333
