(node:49197) [MODULE_TYPELESS_PACKAGE_JSON] Warning: Module type of file://<repo>/src/lib/simple-finance-ui.test.ts is not specified and it doesn't parse as CommonJS.
Reparsing as ES module because module syntax was detected. This incurs a performance overhead.
To eliminate this warning, add "type": "module" to <repo>/package.json.
(Use `node --trace-warnings ...` to show where the warning was created)
✔ F08 editor: fresh requested workspace opens once and closing ignores a late snapshot (72.580958ms)
✔ F08 editor: draft and snapshot survive query updates and width changes (31.448083ms)
✔ F08 editor: error cannot present or save a previous scenario (21.307292ms)
✔ F08 editor: fetching cannot present or save a previous scenario (21.500458ms)
✔ F08 editor: pending cannot present or save a previous scenario (28.324708ms)
✔ F08 editor: revision cannot present or save a previous scenario (26.662917ms)
✔ F08 editor: fingerprint cannot present or save a previous scenario (14.940416ms)
✔ F08 editor: a confirmed CAS refusal removes the old scenario until a fresh reopening (19.155792ms)
✔ F08 editor: retrying a transient preview error preserves the editable draft (23.586792ms)
✔ F08 result: recalculation preserves its component and measured space without showing old financial readings (24.22325ms)
✖ F08 result: a refused or failed scenario does not pretend to keep loading (21.585125ms)
✔ F08 editor: actual excluded fields disappear and retoggle preserves its own monthly draft (16.0895ms)
✔ F08 editor: an ambiguous attempt freezes editing and close; retry uses the confirmed immutable input (18.781042ms)
✔ F08 sheet: actual workspace cycle controls the ruler, independent of default profile capability (15.912042ms)
✔ F08 result: conceal suppresses derived numbers, pressure date, comparison chart and accessibility values (45.3285ms)
✔ F08 goals menu forwards the selected goal workspace instead of the default summary workspace (48.00975ms)
ℹ tests 16
ℹ suites 0
ℹ pass 15
ℹ fail 1
ℹ cancelled 0
ℹ skipped 0
ℹ todo 0
ℹ duration_ms 749.290917

✖ failing tests:

test at src/lib/simple-finance-ui.test.ts:6678:1
✖ F08 result: a refused or failed scenario does not pretend to keep loading (21.585125ms)
  AssertionError [ERR_ASSERTION]: A failed query needs its retry action, not a perpetual loading placeholder

  true !== false

      at TestContext.<anonymous> (file://<repo>/src/lib/simple-finance-ui.test.ts:6682:10)
      at process.processTicksAndRejections (node:internal/process/task_queues:104:5)
      at async Test.run (node:internal/test_runner/test:1409:7)
      at async Test.processPendingSubtests (node:internal/test_runner/test:974:7) {
    generatedMessage: false,
    code: 'ERR_ASSERTION',
    actual: true,
    expected: false,
    operator: 'strictEqual',
    diff: 'simple'
  }
