Scanning changes: gabriel/financas-22-melhorias → HEAD


[react-doctor] Score API unreachable (fetch failed)
Agent guidance
  - Treat React Doctor diagnostics as starting hypotheses. Read the relevant code before confirming or suppressing each finding.
  - For each group, decide true positive, false positive, or needs-human-review, then assign high/medium/low confidence.
  - Do not suppress a finding without evidence from the file in question. Confidence requires code context.
  - Understand the root cause before editing. Fix the underlying code instead of changing react-doctor config or suppressing rules unless explicitly asked.
  - Investigate deeply where relevant: race conditions, security-sensitive flows, state propagation, multi-file refactors, and downstream dependency chains.
  - Ignore pure style preferences, theoretical issues without real impact, missing features, and unrelated pre-existing code.
  - Start with high-confidence fixes that preserve behavior. Leave low-confidence or product-dependent changes as notes.
  - Run `npx react-doctor@latest --verbose --scope changed` before and after changes, plus relevant tests after each focused batch.
  - When available, spawn subagents or isolated worktrees for independent rule families, then review and merge only the best safe fixes.
  - Split unrelated, broad, or behavior-changing work into separate PRs/branches instead of one large cleanup.
  - When one rule spans dozens of files (a migration-scale change), fix a representative sample first, confirm the recipe holds, and get the code owner's sign-off before changing the rest. Don't mass-fix a broad pattern in one unreviewed pass.
  - For confirmed issues that cannot be fixed now, create GitHub issues with the rule, file/line, confidence, impact, and proposed fix.
  - If a fix needs an API, UX, or architecture decision, stop and ask before editing.

✔ Scanned 21 files in 11.6s

React Doctor — app-proops
Score unavailable (could not reach the score API). Want something custom to your company? Contact us at https://react.doctor/enterprise.

6 issues
Maintainability: 6 warnings

⚠ React function has high control-flow complexity ×6
  react-doctor/no-high-complexity-react-function
  src/app/finance/forecast.tsx:179
  src/app/finance/goals.tsx:97
  src/components/finance/goal-planning.tsx:37
  src/components/finance/goal-planning.tsx:136
  src/components/finance/goal-planning.tsx:197
  src/components/ui/sparkline.tsx:96
  Full diagnostics written to <temporary diagnostics path omitted>

  ────────────────────────────────────────────────────────────

  Docs: https://react.doctor/docs
  Learn more about fixing issues, setting up CI/CD, and
  configuring rules with a config file

  GitHub: https://github.com/millionco/react-doctor
  Report issues and star the repository!

[react-doctor] Score API unreachable (fetch failed)
