(node:78379) [MODULE_TYPELESS_PACKAGE_JSON] Warning: Module type of file://<repo>/src/lib/simple-finance-ui.test.ts is not specified and it doesn't parse as CommonJS.
Reparsing as ES module because module syntax was detected. This incurs a performance overhead.
To eliminate this warning, add "type": "module" to <repo>/package.json.
(Use `node --trace-warnings ...` to show where the warning was created)
✔ F08 editor: fresh requested workspace opens once and closing ignores a late snapshot (73.123542ms)
✔ F08 editor: draft and snapshot survive query updates and width changes (27.297583ms)
✔ F08 editor: error cannot present or save a previous scenario (21.434584ms)
✔ F08 editor: fetching cannot present or save a previous scenario (18.951ms)
✔ F08 editor: pending cannot present or save a previous scenario (19.018583ms)
✔ F08 editor: revision cannot present or save a previous scenario (23.2415ms)
✔ F08 editor: fingerprint cannot present or save a previous scenario (14.1075ms)
✔ F08 editor: a confirmed CAS refusal removes the old scenario until a fresh reopening (17.140375ms)
✔ F08 editor: retrying a transient preview error preserves the editable draft (13.964042ms)
✔ F08 editor: actual excluded fields disappear and retoggle preserves its own monthly draft (16.734708ms)
✔ F08 editor: an ambiguous attempt freezes editing and close; retry uses the confirmed immutable input (16.576375ms)
✔ F08 sheet: actual workspace cycle controls the ruler, independent of default profile capability (13.025959ms)
✔ F08 result: conceal suppresses derived numbers, pressure date, comparison chart and accessibility values (50.111917ms)
✔ F08 goals menu forwards the selected goal workspace instead of the default summary workspace (39.528417ms)
ℹ tests 14
ℹ suites 0
ℹ pass 14
ℹ fail 0
ℹ cancelled 0
ℹ skipped 0
ℹ todo 0
ℹ duration_ms 648.8005
