Picked up JAVA_TOOL_OPTIONS: -Duser.home=/private/tmp/proops-maestro-state
Picked up JAVA_TOOL_OPTIONS: -Duser.home=/private/tmp/proops-maestro-state
Running on tudo_azul_audit_20261002
 > Flow android-read2
Assert that "Ajuste intenções futuras de um mesmo espaço" is not visible... COMPLETED
Assert that "Confira o efeito de todas as metas deste espaço." is visible... COMPLETED
Long press on "Troca do notebook"... COMPLETED
Tap on "Simular com outras metas"... COMPLETED
Swipe from (50%, 86%) to (50%, 35%) in 600 ms... COMPLETED
Swipe from (50%, 86%) to (50%, 53%) in 600 ms... COMPLETED
Assert that "Prazo do plano para Troca do notebook, 31/03/2027" is visible... COMPLETED
Assert that "Primeiro aporte para Troca do notebook, 31/01/2027" is visible... COMPLETED
Assert that "Data do aporte inicial para Troca do notebook, 03/10/2026" is visible... COMPLETED
Assert that "0,01" is visible... COMPLETED
Take screenshot android-read2-persisted-fields... COMPLETED
Swipe from (50%, 86%) to (50%, 49%) in 600 ms... COMPLETED
Assert that "4 contribuições · sem rendimento estimado" is visible... COMPLETED
Assert that "R\$.*2.200,00" is visible... COMPLETED
Take screenshot android-read2-persisted-result... COMPLETED
Tap on "Fechar"... COMPLETED
Open appproops://profile... COMPLETED
Scrolling DOWN until "Claro" is visible with speed 40, visibility percentage 100%, timeout 20000 ms, with centering enabled... COMPLETED
Tap on "Claro"... COMPLETED
Take screenshot android-theme-restored... COMPLETED
